[www.medit.com/index.html]
[static.wixstatic.com/media/a59fb8_593ff0378c4f4b57874a5b96cd3a2982_mv2.png/v1/fill/w_32,h_32,lg_1,usm_0.66_1.00_0.01/a59fb8_593ff0378c4f4b57874a5b96cd3a2982_mv2.png]
[static.parastorage.com/unpkg/core-js-bundle@3.2.1/minified.js]
[static.parastorage.com/unpkg/focus-within-polyfill@5.0.9/dist/focus-within-polyfill.js]
[polyfill.io/v3/polyfill.mind82c.js]
[browser.sentry-cdn.com/6.18.2/bundle.min.js]
[www.medit.com/decodeURIComponent(e.5.delayed]
[backblue.gif]
[fade.gif]
[index.html]
[www.medit.com/sitemap.xml]
[www.medit.com/feed.7.delayed]
[static.parastorage.com/services/wix-thunderbolt/dist/ab-test-compilation/thunderbolt-commons.b3e0a35a.bundle.min.js]
[static.parastorage.com/services/wix-thunderbolt/dist/ab-test-compilation/main.52bcc92c.bundle.min.js]
[static.parastorage.com/services/wix-thunderbolt/dist/ab-test-compilation/openPerformanceTool.bdfb187b.bundle.min.js]
[static.parastorage.com/unpkg/lodash@4.17.21/lodash.min.js]
[static.parastorage.com/unpkg/react@16.14.0/umd/react.production.min.js]
[static.parastorage.com/services/wix-code-platform/1.1097.93/elementory-browser-support.min.js]
[static.parastorage.com/services/tag-manager-client/1.705.0/siteTags.bundle.min.js]
[wix.presto-changeo.com/mailchimp/front/assets/js/mailchimp.js]
[static.parastorage.com/services/wix-perf-measure/1.1049.0/wix-perf-measure.umd.min.js]
[static.parastorage.com/unpkg/react-dom@16.14.0/umd/react-dom.production.min.js]
[www.medit.com/de.html]
[www.medit.com/es.html]
[www.medit.com/fr.html]
[www.medit.com/it.html]
[www.medit.com/ja.html]
[www.medit.com/ko.html]
[static.wixstatic.com/media/a59fb8_4e75ef592d81449a9117a9fa77a8af2a_mv2.png/v1/fill/w_182,h_60,al_c,q_85,usm_0.66_1.00_0.01,enc_auto/a59fb8_4e75ef592d81449a9117a9fa77a8af2a_mv2.png]
[www.medit.com/ru.html]
[www.medit.com/dental-clinic-i700wireless.html]
[www.medit.com/dental-clinic-i700.html]
[www.medit.com/dental-clinic-i600.html]
[www.medit.com/dental-clinic-i500.html]
[www.medit.com/previous-t-series.html]
[www.medit.com/dental-lab.html]
[www.medit.com/medit-link.html]
[www.medit.com/about-us.html]
[www.medit.com/medit-link-apps.html]
[static.parastorage.com/services/linguist-flags/1.663.0/assets/flags/corner/USA.png]
[static.parastorage.com/services/linguist-flags/1.663.0/assets/flags/corner/ESP.png]
[static.parastorage.com/services/linguist-flags/1.663.0/assets/flags/corner/FRA.png]
[static.parastorage.com/services/linguist-flags/1.663.0/assets/flags/corner/ITA.png]
[www.medit.com/press-corner.html]
[static.parastorage.com/services/linguist-flags/1.663.0/assets/flags/corner/JPN.png]
[static.parastorage.com/services/linguist-flags/1.663.0/assets/flags/corner/RUS.png]
[static.parastorage.com/services/linguist-flags/1.663.0/assets/flags/corner/KOR.png]
[static.parastorage.com/services/linguist-flags/1.663.0/assets/flags/corner/DEU.png]
[www.medit.com/career.html]
[static.wixstatic.com/media/2780be_43ff80019c66414facd30f14a3d083a0f000.jpg/v1/fill/w_187,h_105,al_c,q_80,usm_0.66_1.00_0.01,blur_2,enc_auto/2780be_43ff80019c66414facd30f14a3d083a0f000.jpg]
[static.wixstatic.com/media/2780be_07cec8a719af408eb8c0e31193b9d3dc_mv2.png/v1/fill/w_272,h_108,al_c,q_85,usm_0.66_1.00_0.01,enc_auto/2780be_07cec8a719af408eb8c0e31193b9d3dc_mv2.png]
[static.wixstatic.com/media/2780be_c46474b4f3cb40bb8f8e5c7946b8f6c7_mv2.png/v1/fill/w_273,h_119,al_c,q_85,usm_0.66_1.00_0.01,enc_auto/2780be_c46474b4f3cb40bb8f8e5c7946b8f6c7_mv2.png]
[static.wixstatic.com/media/2780be_998c1c28e8b54d5c8ab5fb02768abfbf_mv2.png/v1/fill/w_276,h_118,al_c,q_85,usm_0.66_1.00_0.01,enc_auto/2780be_998c1c28e8b54d5c8ab5fb02768abfbf_mv2.png]
[static.wixstatic.com/media/2780be_4730c6183cdd402989d96cd15812d87c_mv2.png/v1/fill/w_218,h_31,al_c,q_85,usm_0.66_1.00_0.01,enc_auto/2780be_4730c6183cdd402989d96cd15812d87c_mv2.png]
[static.wixstatic.com/media/2780be_b90b23da8a1a4486a4c31eefa2334267_mv2.png/v1/crop/x_236,y_252,w_1612,h_837/fill/w_101,h_52,al_c,q_85,usm_0.66_1.00_0.01,blur_2,enc_auto/220209_MEDIT_0326.png]
[static.wixstatic.com/media/2780be_651d830e62224d478d5c7f8d2e68d1e5_mv2.png/v1/crop/x_104,y_200,w_1319,h_744/fill/w_93,h_52,al_c,q_85,usm_0.66_1.00_0.01,blur_2,enc_auto/Dental solution.png]
[static.wixstatic.com/media/2780be_63259c5405bc4fb7b80d7cfeb15caa71_mv2.png/v1/crop/x_0,y_36,w_849,h_472/fill/w_94,h_52,al_c,q_85,usm_0.66_1.00_0.01,blur_2,enc_auto/Medit Link2.png]
[www.medit.com/contact-us.html]
[www.medit.com/download.html]
[js.hs-scripts.com/2786601.js]
[www.medit.com/index.html]
[www.medit.com/decodeURIComponent(e.html]
[www.medit.com/feed.html]
[www.googletagmanager.com/gtm5445.html]
[static.parastorage.com/services/wix-thunderbolt/dist/thunderbolt-commons.3d4617dc.bundle.min.js]
[static.parastorage.com/services/wix-thunderbolt/dist/main.2cc013fc.bundle.min.js]
[static.parastorage.com/services/wix-thunderbolt/dist/openPerformanceTool.5be799bb.bundle.min.js]
[www.medit.com/privacy-policy.html]
[www.medit.com/de/dental-clinic-i700wireless.html]
[www.medit.com/de/dental-clinic-i700.html]
[www.medit.com/de/dental-clinic-i600.html]
[www.medit.com/de/dental-clinic-i500.html]
[www.medit.com/de/dental-lab.html]
[www.medit.com/de/previous-t-series.html]
[www.medit.com/de/medit-link.html]
[www.medit.com/de/medit-link-apps.html]
[www.medit.com/de/about-us.html]
[www.medit.com/de/career.html]
[www.medit.com/de/press-corner.html]
[www.medit.com/de/download.html]
[www.medit.com/de.html]
[static.parastorage.com/services/wix-thunderbolt/dist/ab-test-compilation/main.de949014.bundle.min.js]
[static.parastorage.com/services/wix-thunderbolt/dist/ab-test-compilation/openPerformanceTool.62696625.bundle.min.js]
[www.medit.com/de/privacy-policy-20200325.html]
[www.medit.com/es/dental-clinic-i700wireless.html]
[www.medit.com/es/dental-clinic-i600.html]
[www.medit.com/es/dental-clinic-i700.html]
[www.medit.com/es/dental-clinic-i500.html]
[www.medit.com/es/dental-lab.html]
[www.medit.com/es/previous-t-series.html]
[www.medit.com/es/medit-link.html]
[www.medit.com/es/medit-link-apps.html]
[www.medit.com/es/about-us.html]
[www.medit.com/es/career.html]
[www.medit.com/es/press-corner.html]
[www.medit.com/es/download.html]
[www.medit.com/es.html]
[www.medit.com/es/privacy-policy-20200325.html]
[www.medit.com/fr/dental-clinic-i700.html]
[www.medit.com/fr/dental-clinic-i700wireless.html]
[www.medit.com/fr/dental-clinic-i600.html]
[www.medit.com/fr/dental-clinic-i500.html]
[www.medit.com/fr/dental-lab.html]
[www.medit.com/fr/previous-t-series.html]
[www.medit.com/fr/medit-link.html]
[www.medit.com/fr/medit-link-apps.html]
[www.medit.com/fr/about-us.html]
[www.medit.com/fr/career.html]
[www.medit.com/fr/press-corner.html]
[www.medit.com/fr.html]
[www.medit.com/fr/download.html]
[www.medit.com/fr/privacy-policy-20200325.html]
[www.medit.com/it/dental-clinic-i700wireless.html]
[www.medit.com/it/dental-clinic-i700.html]
[www.medit.com/it/dental-clinic-i600.html]
[www.medit.com/it/dental-clinic-i500.html]
[www.medit.com/it/dental-lab.html]
[www.medit.com/it/previous-t-series.html]
[www.medit.com/it/medit-link-apps.html]
[www.medit.com/it/medit-link.html]
[www.medit.com/it/about-us.html]
[www.medit.com/it/press-corner.html]
[www.medit.com/it/contact-us.html]
[www.medit.com/it/career.html]
[www.medit.com/it/download.html]
[www.medit.com/it.html]
[www.medit.com/it/privacy-policy-20200325.html]
[www.medit.com/ja/dental-clinic-i700wireless.html]
[www.medit.com/ja/dental-clinic-i700.html]
[www.medit.com/ja/dental-clinic-i600.html]
[www.medit.com/ja/dental-clinic-i500.html]
[www.medit.com/ja/dental-lab.html]
[www.medit.com/ja/medit-link.html]
[www.medit.com/ja/previous-t-series.html]
[www.medit.com/ja/medit-link-apps.html]
[www.medit.com/ja/about-us.html]
[www.medit.com/ja/career.html]
[www.medit.com/ja/press-corner.html]
[www.medit.com/ja/contact-us.html]
[www.medit.com/ja/download.html]
[www.medit.com/ja.html]
[www.medit.com/ja/privacy-policy.html]
[www.medit.com/ko/dental-clinic-i700wireless.html]
[www.medit.com/ko/dental-clinic-i700.html]
[www.medit.com/ko/dental-clinic-i600.html]
[www.medit.com/ko/dental-clinic-i500.html]
[www.medit.com/ko/dental-lab.html]
[www.medit.com/ko/previous-t-series.html]
[www.medit.com/ko/medit-link.html]
[www.medit.com/ko/medit-link-apps.html]
[www.medit.com/ko/about-us.html]
[www.medit.com/ko/career.html]
[www.medit.com/ko/press-corner.html]
[www.medit.com/ko/contact-us.html]
[www.medit.com/ko.html]
[www.medit.com/ko/download.html]
[www.medit.com/ko/privacy-policy.html]
[www.medit.com/ru/dental-clinic-i700wireless.html]
[www.medit.com/ru/dental-clinic-i700.html]
[www.medit.com/ru/dental-clinic-i600.html]
[www.medit.com/ru/dental-clinic-i500.html]
[www.medit.com/ru/dental-lab.html]
[www.medit.com/ru/previous-t-series.html]
[www.medit.com/ru/medit-link.html]
[www.medit.com/ru/medit-link-apps.html]
[www.medit.com/ru/about-us.html]
[www.medit.com/ru/career.html]
[www.medit.com/ru/press-corner.html]
[www.medit.com/ru/contact-us.html]
[www.medit.com/ru/download.html]
[www.medit.com/ru.html]
[static.parastorage.com/services/wix-thunderbolt/dist/main.aa83e63e.bundle.min.js]
[static.parastorage.com/services/wix-thunderbolt/dist/openPerformanceTool.0cd5a89e.bundle.min.js]
[www.medit.com/ru/privacy-policy-20200325.html]
[static.wixstatic.com/media/2780be_43ff80019c66414facd30f14a3d083a0f000.jpg/v1/fill/w_147,h_83,al_c,q_80,usm_0.66_1.00_0.01,blur_2,enc_auto/2780be_43ff80019c66414facd30f14a3d083a0f000.jpg]
[static.wixstatic.com/media/2780be_f5610847389e4227868e683ad62b355d_mv2.png/v1/crop/x_124,y_282,w_1189,h_1571/fill/w_497,h_656,al_c,q_85,usm_0.66_1.00_0.01,enc_auto/2780be_f5610847389e4227868e683ad62b355d_mv2.png]
[static.wixstatic.com/media/2780be_b1af63672b984a0e9c13b059bb021003_mv2.png/v1/crop/x_0,y_0,w_6087,h_2091/fill/w_51,h_18,al_c,q_85,usm_0.66_1.00_0.01,blur_2,enc_auto/2780be_b1af63672b984a0e9c13b059bb021003_mv2.png]
[static.wixstatic.com/media/2780be_7d394c870deb4fe6925354ff82017f42_mv2.png/v1/fill/w_49,h_20,al_c,q_85,usm_0.66_1.00_0.01,blur_2,enc_auto/2780be_7d394c870deb4fe6925354ff82017f42_mv2.png]
[static.wixstatic.com/media/2780be_4919d226396c49699c9410a391c9d57a_mv2.png/v1/fill/w_46,h_36,al_c,q_85,usm_0.66_1.00_0.01,blur_2,enc_auto/2780be_4919d226396c49699c9410a391c9d57a_mv2.png]
[static.wixstatic.com/media/2780be_3c23a95938394ff781824ca261f794a4_mv2.png/v1/fill/w_86,h_173,al_c,q_85,usm_0.66_1.00_0.01,blur_2,enc_auto/2780be_3c23a95938394ff781824ca261f794a4_mv2.png]
[static.wixstatic.com/media/2780be_ab01019353854a6dbcb600b43989e233_mv2.png/v1/fill/w_45,h_45,al_c,q_85,usm_0.66_1.00_0.01,blur_3,enc_auto/2780be_ab01019353854a6dbcb600b43989e233_mv2.png]
[static.wixstatic.com/media/2780be_1d0cabe44f8d43e4bfdbe953dfc72b44_mv2.png/v1/fill/w_90,h_106,al_c,q_85,usm_0.66_1.00_0.01,blur_2,enc_auto/2780be_1d0cabe44f8d43e4bfdbe953dfc72b44_mv2.png]
[static.wixstatic.com/media/2780be_7996f9036a16439a886040b898de1f3f_mv2.png/v1/crop/x_0,y_2041,w_2272,h_2145/fill/w_105,h_99,al_c,q_85,usm_0.66_1.00_0.01,blur_3,enc_auto/2780be_7996f9036a16439a886040b898de1f3f_mv2.png]
[static.wixstatic.com/media/2780be_b55548b266b34813a28e388e07f1c2b3_mv2.png/v1/fill/w_80,h_80,al_c,q_85,usm_0.66_1.00_0.01,blur_3,enc_auto/2780be_b55548b266b34813a28e388e07f1c2b3_mv2.png]
[static.wixstatic.com/media/2780be_fc02f089e823423fb0df1f2054ab627c_mv2.png/v1/fill/w_80,h_80,al_c,q_85,usm_0.66_1.00_0.01,blur_3,enc_auto/2780be_fc02f089e823423fb0df1f2054ab627c_mv2.png]
[static.wixstatic.com/media/2780be_4fc8f0ba7d7649519704916a69ca75f2_mv2.png/v1/fill/w_80,h_80,al_c,q_85,usm_0.66_1.00_0.01,blur_3,enc_auto/2780be_4fc8f0ba7d7649519704916a69ca75f2_mv2.png]
[static.wixstatic.com/media/2780be_6d3b0095d88f407faa7efa3a45e9773b_mv2.png/v1/fill/w_80,h_80,al_c,q_85,usm_0.66_1.00_0.01,blur_3,enc_auto/2780be_6d3b0095d88f407faa7efa3a45e9773b_mv2.png]
[static.wixstatic.com/media/2780be_41119b8e69f84cae9e98e6a0d2ba6a7b_mv2.png/v1/fill/w_6,h_43,al_c,q_85,usm_0.66_1.00_0.01,blur_3,enc_auto/2780be_41119b8e69f84cae9e98e6a0d2ba6a7b_mv2.png]
[static.wixstatic.com/media/2780be_998c1c28e8b54d5c8ab5fb02768abfbf_mv2.png/v1/fill/w_56,h_25,al_c,q_85,usm_0.66_1.00_0.01,blur_2,enc_auto/2780be_998c1c28e8b54d5c8ab5fb02768abfbf_mv2.png]
[static.wixstatic.com/media/2780be_3324d92cb06042418cd64f86133c35a6_mv2.png/v1/fill/w_20,h_20,al_c,q_85,usm_0.66_1.00_0.01,blur_3,enc_auto/2780be_3324d92cb06042418cd64f86133c35a6_mv2.png]
[static.wixstatic.com/media/2780be_c8ed21fdde8241fd95e61ec6d6d0b0d8_mv2.png/v1/fill/w_6,h_40,al_c,q_85,usm_0.66_1.00_0.01,blur_3,enc_auto/2780be_c8ed21fdde8241fd95e61ec6d6d0b0d8_mv2.png]
[static.wixstatic.com/media/2780be_f860c0c4a07e42f2b8c7b3527149a93f_mv2.png/v1/fill/w_49,h_37,al_c,q_85,usm_0.66_1.00_0.01,blur_2,enc_auto/2780be_f860c0c4a07e42f2b8c7b3527149a93f_mv2.png]
[static.wixstatic.com/media/f2b27a_a9e5dc5fb7784a9aa6c765c3988ba323_mv2.png/v1/fill/w_60,h_47,al_c,q_85,usm_0.66_1.00_0.01,blur_2,enc_auto/i700wireless spec_220504.png]
[static.wixstatic.com/media/2780be_a80a94a0b004490cad5c8275433effa6_mv2.png/v1/fill/w_60,h_36,al_c,q_85,usm_0.66_1.00_0.01,blur_2,enc_auto/Table l System Requirements l all i-Series l 2022_04_21.png]
[static.wixstatic.com/media/f2b27a_6605a308540f497cbe55a28913562326_mv2.png/v1/fill/w_60,h_20,al_c,q_85,usm_0.66_1.00_0.01,blur_2,enc_auto/macOS I Minimum Requirements I 22_11_23 I ver2.png]
[static.wixstatic.com/media/f2b27a_9cbd5c43df204415b4f9d56a06baf963_mv2.png/v1/fill/w_60,h_19,al_c,q_85,usm_0.66_1.00_0.01,blur_2,enc_auto/macOS I Recommended Requirements I 22_11_23 I ver 2.png]
[static.wixstatic.com/media/2780be_004797f36c4845bd9495e5facaea2718_mv2.png/v1/fill/w_51,h_20,al_c,q_85,usm_0.66_1.00_0.01,blur_2,enc_auto/2780be_004797f36c4845bd9495e5facaea2718_mv2.png]
[static.wixstatic.com/media/a59fb8_f7de624cdb6c4dbdb37862760636d731_mv2.png/v1/crop/x_0,y_28,w_143,h_618/fill/w_141,h_609,al_c,q_85,usm_0.66_1.00_0.01,blur_3,enc_auto/FOCORD.png]
[static.wixstatic.com/media/2780be_d48e88663024475f801ddd276797617b_mv2.png/v1/fill/w_182,h_599,al_c,q_85,usm_0.66_1.00_0.01,blur_3,enc_auto/2780be_d48e88663024475f801ddd276797617b_mv2.png]
[static.wixstatic.com/media/2780be_3d04214ca07844f085a80535a4777195_mv2.png/v1/crop/x_0,y_52,w_387,h_1215/fill/w_180,h_565,al_c,q_85,usm_0.66_1.00_0.01,blur_3,enc_auto/2780be_3d04214ca07844f085a80535a4777195_mv2.png]
[static.wixstatic.com/media/2780be_d484715f0e554b82a6cdbfc2bd4f7c9e_mv2.png/v1/fill/w_168,h_599,al_c,q_85,usm_0.66_1.00_0.01,blur_3,enc_auto/2780be_d484715f0e554b82a6cdbfc2bd4f7c9e_mv2.png]
[static.wixstatic.com/media/f2b27a_87e7c19c09d54f758d8aede746e5b1d5_mv2.png/v1/fill/w_50,h_31,al_c,q_85,usm_0.66_1.00_0.01,blur_2,enc_auto/i-series Comparison_220620_최종.png]
[www.medit.com/dental-clinic-i700wireless.html]
[static.wixstatic.com/media/2780be_c3a3a528bb0442368fd4952a796b45c6f000.jpg/v1/fill/w_200,h_113,al_c,q_80,usm_0.66_1.00_0.01,blur_2,enc_auto/2780be_c3a3a528bb0442368fd4952a796b45c6f000.jpg]
[static.wixstatic.com/media/2780be_d278040fcac34cf2b55043dc1e783d44_mv2.png/v1/fill/w_37,h_25,al_c,q_85,usm_0.66_1.00_0.01,blur_2,enc_auto/2780be_d278040fcac34cf2b55043dc1e783d44_mv2.png]
[static.wixstatic.com/media/2780be_fc34ee25819a4bfd94813cac94eca04c_mv2.png/v1/fill/w_109,h_109,al_c,q_85,usm_0.66_1.00_0.01,blur_3,enc_auto/2780be_fc34ee25819a4bfd94813cac94eca04c_mv2.png]
[static.wixstatic.com/media/2780be_ce104fd075554a78a7a5947ee6d68bbe_mv2.png/v1/fill/w_108,h_108,al_c,q_85,usm_0.66_1.00_0.01,blur_3,enc_auto/2780be_ce104fd075554a78a7a5947ee6d68bbe_mv2.png]
[static.wixstatic.com/media/2780be_12909dd214144f75b87ef27d77696654_mv2.png/v1/fill/w_109,h_109,al_c,q_85,usm_0.66_1.00_0.01,blur_3,enc_auto/2780be_12909dd214144f75b87ef27d77696654_mv2.png]
[static.wixstatic.com/media/2780be_8ae1f2ad1f5140289295eff4c95c6eba_mv2.png/v1/fill/w_109,h_109,al_c,q_85,usm_0.66_1.00_0.01,blur_3,enc_auto/2780be_8ae1f2ad1f5140289295eff4c95c6eba_mv2.png]
[static.wixstatic.com/media/2780be_cf4a5a60db164f4ebd4458b0c0a61c0c_mv2.png/v1/fill/w_109,h_109,al_c,q_85,usm_0.66_1.00_0.01,blur_3,enc_auto/2780be_cf4a5a60db164f4ebd4458b0c0a61c0c_mv2.png]
[static.wixstatic.com/media/2780be_b660dc054fa64fdebff29f3d87a3e436_mv2.png/v1/fill/w_109,h_109,al_c,q_85,usm_0.66_1.00_0.01,blur_3,enc_auto/2780be_b660dc054fa64fdebff29f3d87a3e436_mv2.png]
[static.wixstatic.com/media/2780be_8e4a1cad638b4656923c286fa929bafe_mv2.png/v1/crop/x_798,y_409,w_3509,h_1791/fill/w_51,h_26,al_c,q_85,usm_0.66_1.00_0.01,blur_2,enc_auto/2780be_8e4a1cad638b4656923c286fa929bafe_mv2.png]
[static.wixstatic.com/media/2780be_bdd38b849bbe41f2aaace0356e52077a_mv2.png/v1/fill/w_74,h_90,al_c,q_85,usm_0.66_1.00_0.01,blur_3,enc_auto/2780be_bdd38b849bbe41f2aaace0356e52077a_mv2.png]
[static.wixstatic.com/media/f2b27a_fd49303c20cd44d5b597f58f42fa5e7f_mv2.png/v1/fill/w_74,h_85,al_c,q_85,usm_0.66_1.00_0.01,blur_3,enc_auto/image83.png]
[static.wixstatic.com/media/2780be_87b169b73a764376871374fb97b137cc_mv2.png/v1/fill/w_67,h_11,al_c,q_85,usm_0.66_1.00_0.01,blur_2,enc_auto/2780be_87b169b73a764376871374fb97b137cc_mv2.png]
[static.wixstatic.com/media/f2b27a_d75b071bb5f640df8ae6732020bbadf6_mv2.png/v1/fill/w_60,h_47,al_c,q_85,usm_0.66_1.00_0.01,blur_2,enc_auto/i700 spec_220504.png]
[static.wixstatic.com/media/2780be_a80a94a0b004490cad5c8275433effa6_mv2.png/v1/fill/w_60,h_35,al_c,q_85,usm_0.66_1.00_0.01,blur_2,enc_auto/Table l System Requirements l all i-Series l 2022_04_21.png]
[static.wixstatic.com/media/2780be_5de839278b8845aaba23ab8341482ee6_mv2.png/v1/fill/w_66,h_44,al_c,q_85,usm_0.66_1.00_0.01,blur_2,enc_auto/2780be_5de839278b8845aaba23ab8341482ee6_mv2.png]
[static.wixstatic.com/media/f2b27a_9cbd5c43df204415b4f9d56a06baf963_mv2.png/v1/crop/x_12,y_0,w_1157,h_380/fill/w_60,h_20,al_c,q_85,usm_0.66_1.00_0.01,blur_2,e/macOS I Recommended Requirements I 22_11_23 I ver 2.ca.delaye]
[static.wixstatic.com/media/2780be_37f650de7084488f8a907a3dda180423_mv2.png/v1/fill/w_70,h_58,al_c,q_85,usm_0.66_1.00_0.01,blur_2,enc_auto/2780be_37f650de7084488f8a907a3dda180423_mv2.png]
[static.wixstatic.com/media/2780be_70b69eca67a04961a3e8f784beb289f7_mv2.png/v1/fill/w_108,h_294,al_c,q_85,usm_0.66_1.00_0.01,blur_3,enc_auto/2780be_70b69eca67a04961a3e8f784beb289f7_mv2.png]
[static.wixstatic.com/media/2780be_c438bbaefe524f139b3bb7d258c7811b_mv2.png/v1/fill/w_115,h_89,al_c,q_85,usm_0.66_1.00_0.01,blur_2,enc_auto/2780be_c438bbaefe524f139b3bb7d258c7811b_mv2.png]
[static.wixstatic.com/media/2780be_d79900ebb15e418a9537ac93b449a42e_mv2.png/v1/fill/w_71,h_19,al_c,q_85,usm_0.66_1.00_0.01,blur_2,enc_auto/2780be_d79900ebb15e418a9537ac93b449a42e_mv2.png]
[static.wixstatic.com/media/2780be_9d2fee8f7a1f4c71a419d6306419b531_mv2.png/v1/fill/w_73,h_38,al_c,q_85,usm_0.66_1.00_0.01,blur_2,enc_auto/2780be_9d2fee8f7a1f4c71a419d6306419b531_mv2.png]
[static.wixstatic.com/media/a59fb8_f7de624cdb6c4dbdb37862760636d731_mv2.png/v1/crop/x_0,y_28,w_143,h_589/fill/w_141,h_581,al_c,q_85,usm_0.66_1.00_0.01,blur_3,enc_auto/FOCORD.png]
[static.wixstatic.com/media/f2b27a_87e7c19c09d54f758d8aede746e5b1d5_mv2.png/v1/fill/w_49,h_31,al_c,q_85,usm_0.66_1.00_0.01,blur_2,enc_auto/i-series Comparison_220620_최종.png]
[www.medit.com/dental-clinic-i700.html]
[static.wixstatic.com/media/2780be_e18de09f9a5d4924aa4f52d744a18448f000.jpg/v1/fill/w_147,h_83,al_c,q_80,usm_0.66_1.00_0.01,blur_2,enc_auto/2780be_e18de09f9a5d4924aa4f52d744a18448f000.jpg]
[static.wixstatic.com/media/2780be_38dbb0bf0689433c8a8ee28245df91b3_mv2.png/v1/fill/w_49,h_28,al_c,q_85,usm_0.66_1.00_0.01,blur_2,enc_auto/2780be_38dbb0bf0689433c8a8ee28245df91b3_mv2.png]
[static.wixstatic.com/media/2780be_653099a3d34940c7961f3e0d29f68ff0_mv2.png/v1/crop/x_0,y_0,w_1500,h_3775/fill/w_62,h_155,al_c,q_85,usm_0.66_1.00_0.01,blur_2,enc_auto/2780be_653099a3d34940c7961f3e0d29f68ff0_mv2.png]
[static.wixstatic.com/media/2780be_3150b8a778cb47e692a7df2940204771_mv2.png/v1/fill/w_81,h_66,al_c,q_85,usm_0.66_1.00_0.01,blur_2,enc_auto/Medit i600 l with hand.png]
[static.wixstatic.com/media/2780be_be793be5cca844d58fe2bd73c59f53c2_mv2.png/v1/fill/w_70,h_70,al_c,q_85,usm_0.66_1.00_0.01,blur_3,enc_auto/Grph_i600_01_Light_2x.png]
[static.wixstatic.com/media/2780be_e100ab5cb8944f1f86ac14674a7379db_mv2.png/v1/fill/w_70,h_70,al_c,q_85,usm_0.66_1.00_0.01,blur_3,enc_auto/Grph_i600_02_Smooth_2x.png]
[static.wixstatic.com/media/2780be_cac470c7f370408f990e4a50f7350a8b_mv2.png/v1/fill/w_70,h_70,al_c,q_85,usm_0.66_1.00_0.01,blur_3,enc_auto/Grph_i600_03_Accurate_2x.png]
[static.wixstatic.com/media/2780be_f7f35d9581734068bf43257172ac7f81_mv2.png/v1/fill/w_70,h_70,al_c,q_85,usm_0.66_1.00_0.01,blur_3,enc_auto/Grph_i600_04_VIvid_2x.png]
[static.wixstatic.com/media/2780be_7ccd795302794c4689e7f93c71d522e7_mv2.png/v1/fill/w_70,h_70,al_c,q_85,usm_0.66_1.00_0.01,blur_3,enc_auto/Grph_i600_05_Easy_2x.png]
[static.wixstatic.com/media/2780be_07cec8a719af408eb8c0e31193b9d3dc_mv2.png/v1/fill/w_56,h_22,al_c,q_85,usm_0.66_1.00_0.01,blur_2,enc_auto/Medit i600_prospective A_2x.png]
[static.wixstatic.com/media/2780be_67417eb9948149ffa8f6707f36e44b35_mv2.png/v1/fill/w_49,h_37,al_c,q_85,usm_0.66_1.00_0.01,blur_2,enc_auto/2780be_67417eb9948149ffa8f6707f36e44b35_mv2.png]
[static.wixstatic.com/media/2780be_a7139375864d43dcbba879fb65936dc3_mv2.png/v1/crop/x_226,y_0,w_1151,h_897/fill/w_112,h_87,al_c,q_85,usm_0.66_1.00_0.01,blur_2,enc_auto/2780be_a7139375864d43dcbba879fb65936dc3_mv2.png]
[static.wixstatic.com/media/2780be_2bc1e26955ac4846820012de8668cd94_mv2.png/v1/crop/x_221,y_0,w_1060,h_897/fill/w_54,h_45,al_c,q_85,usm_0.66_1.00_0.01,blur_2,enc_auto/2780be_2bc1e26955ac4846820012de8668cd94_mv2.png]
[static.wixstatic.com/media/2780be_6ccdfc974ea1452eac40f15fbfaea9c5_mv2.png/v1/fill/w_150,h_175,al_c,q_85,usm_0.66_1.00_0.01,blur_3,enc_auto/2780be_6ccdfc974ea1452eac40f15fbfaea9c5_mv2.png]
[static.wixstatic.com/media/2780be_31216cf97b9a4c79921cb14f2977491d_mv2.png/v1/fill/w_61,h_50,al_c,q_85,usm_0.66_1.00_0.01,blur_2,enc_auto/Medit Link 2_6 l Medit Scan for Clinics l ScreenShot l Smart Scan Guide.png]
[static.wixstatic.com/media/2780be_f8eb35a4d7964bac97f0f1906442d992_mv2.png/v1/fill/w_56,h_7,al_c,q_85,usm_0.66_1.00_0.01,blur_2,enc_auto/2780be_f8eb35a4d7964bac97f0f1906442d992_mv2.png]
[static.wixstatic.com/media/2780be_7ef14a79a42d4a5aa5eb9e003a72ee40_mv2.png/v1/fill/w_64,h_52,al_c,q_85,usm_0.66_1.00_0.01,blur_2,enc_auto/Medit Link v2_5_Smart color filtering_3.png]
[static.wixstatic.com/media/2780be_938b4fc6c8204d579aff3475b438ad99_mv2.png/v1/crop/x_166,y_437,w_1723,h_1418/fill/w_65,h_53,al_c,q_85,usm_0.66_1.00_0.01,blur_2,enc_auto/MeditLink v2_5_Smart color filtering_underbar.png]
[static.wixstatic.com/media/2780be_3eac863d3a9f4b398ebf4c045293cf3f_mv2.png/v1/fill/w_60,h_47,al_c,q_85,usm_0.66_1.00_0.01,blur_2,enc_auto/Table l Specifications l Medit i600 l 2022_04.png]
[static.wixstatic.com/media/f2b27a_05dc034660d743bf86637792fcbf1662_mv2.png/v1/fill/w_60,h_37,al_c,q_85,usm_0.66_1.00_0.01,blur_2,enc_auto/i600 system requirement I 220826.png]
[static.wixstatic.com/media/f2b27a_87e7c19c09d54f758d8aede746e5b1d5_mv2.png/v1/fill/w_48,h_30,al_c,q_85,usm_0.66_1.00_0.01,blur_2,enc_auto/i-series Comparison_220620_최종.png]
[www.medit.com/dental-clinic-i600.html]
[static.wixstatic.com/media/f2b27a_0465377692bb4f369e4fce8f3716b361f000.jpg/v1/fill/w_240,h_135,al_c,q_80,usm_0.66_1.00_0.01,blur_2,enc_auto/f2b27a_0465377692bb4f369e4fce8f3716b361f000.jpg]
[static.wixstatic.com/media/a59fb8_1449882b4760414bb29045cae9ffabec_mv2_d_3/v1/crop/x_1368,y_75,w_815,h_2455/fill/w_80,h_242,al_c,q_85,usm_0.66_1.00_0.01,blur_2,/4차 렌더링_Cradle T & Handpiece_top.png]
[static.wixstatic.com/media/f2b27a_5e1c82d221d5408dbd51d014386b0214_mv2.png/v1/crop/x_94,y_0,w_390,h_360/fill/w_46,h_42,al_c,q_85,usm_0.66_1.00_0.01,blur_3,enc_auto/image73.png]
[static.wixstatic.com/media/f2b27a_fd49303c20cd44d5b597f58f42fa5e7f_mv2.png/v1/crop/x_0,y_0,w_838,h_858/fill/w_47,h_48,al_c,q_85,usm_0.66_1.00_0.01,blur_3,enc_auto/image83.png]
[static.wixstatic.com/media/f2b27a_3d9185130c9347789745449f9e83fad3_mv2.png/v1/crop/x_83,y_0,w_1045,h_630/fill/w_152,h_92,al_c,q_85,usm_0.66_1.00_0.01,blur_3,enc_auto/reddot design award2019.png]
[static.wixstatic.com/media/2780be_392f79b55bd84c67ab79aa7cce52debc_mv2.png/v1/fill/w_123,h_73,al_c,q_85,usm_0.66_1.00_0.01,blur_2,enc_auto/Medit Link main for Clinic page.png]
[static.wixstatic.com/media/a59fb8_6fbe0d990b414a58819303931df18d05_mv2.png/v1/fill/w_74,h_309,al_c,q_85,usm_0.66_1.00_0.01,blur_3,enc_auto/I_TESTTTT-01.png]
[static.wixstatic.com/media/2780be_f8b46dd278d343d5accd07e32be894fb_mv2.png/v1/fill/w_89,h_50,al_c,q_85,usm_0.66_1.00_0.01,blur_2,enc_auto/A_I Abutment A_I Scan Body Matching_2x_p.png]
[static.wixstatic.com/media/2780be_96e1033b871c44b68c6d7efafb04402b_mv2.png/v1/fill/w_81,h_50,al_c,q_85,usm_0.66_1.00_0.01,blur_2,enc_auto/Margine Line Creation_2x.png]
[static.wixstatic.com/media/2780be_4e3ac72b70784aae962aece8a603b45c_mv2.png/v1/fill/w_89,h_50,al_c,q_85,usm_0.66_1.00_0.01,blur_2,enc_auto/Pre-Operation Scan_2x.png]
[static.wixstatic.com/media/2780be_717aaf2ff4854753a32afb2f55ed9272_mv2.png/v1/crop/x_0,y_0,w_442,h_246/fill/w_89,h_50,al_c,q_85,usm_0.66_1.00_0.01,blur_2,enc_auto/Impression Scan2_2x_with double impressi.png]
[static.wixstatic.com/media/2780be_c067fa3af3e2499db93c69a1bd1fe2b7_mv2.png/v1/crop/x_0,y_2,w_443,h_247/fill/w_89,h_50,al_c,q_85,usm_0.66_1.00_0.01,blur_2,enc_auto/Hight Resolution Scan_2x with imgs.png]
[static.wixstatic.com/media/2780be_36eed4065b734bbd8a5df13a1264849a_mv2.png/v1/crop/x_74,y_0,w_3766,h_2100/fill/w_89,h_50,al_c,q_85,usm_0.66_1.00_0.01,blur_2,enc_auto/_hd camera_PNG.png]
[static.wixstatic.com/media/2780be_74663495d4a84a47b4545f9f993bf30f_mv2.png/v1/crop/x_36,y_0,w_3767,h_2100/fill/w_89,h_50,al_c,q_85,usm_0.66_1.00_0.01,blur_2,enc_auto/_bite 1_PNG.png]
[static.wixstatic.com/media/2780be_212e227278f44be59e8c82af1669c71e_mv2.png/v1/crop/x_36,y_0,w_3767,h_2100/fill/w_89,h_50,al_c,q_85,usm_0.66_1.00_0.01,blur_2,enc_auto/_scan replay_PNG.png]
[static.wixstatic.com/media/f2b27a_3e406504ddcc43eab2af933fa139f08b_mv2.png/v1/fill/w_58,h_35,al_c,q_85,usm_0.66_1.00_0.01,blur_2,enc_auto/i500 system requirement I 220826.png]
[static.wixstatic.com/media/a59fb8_a928d4d32a7d4047af321d86406d7ec4_mv2.png/v1/crop/x_87,y_0,w_1875,h_1075/fill/w_84,h_48,al_c,q_85,usm_0.66_1.00_0.01,blur_2,enc_auto/LapTop_MeditLink_main.png]
[static.wixstatic.com/media/a59fb8_f7de624cdb6c4dbdb37862760636d731_mv2.png/v1/crop/x_0,y_28,w_143,h_583/fill/w_141,h_575,al_c,q_85,usm_0.66_1.00_0.01,blur_3,enc_auto/FOCORD.png]
[static.wixstatic.com/media/2780be_d48e88663024475f801ddd276797617b_mv2.png/v1/crop/x_0,y_0,w_389,h_1231/fill/w_182,h_576,al_c,q_85,usm_0.66_1.00_0.01,blur_3,enc_auto/2780be_d48e88663024475f801ddd276797617b_mv2.png]
[static.wixstatic.com/media/f2b27a_87e7c19c09d54f758d8aede746e5b1d5_mv2.png/v1/fill/w_50,h_32,al_c,q_85,usm_0.66_1.00_0.01,blur_2,enc_auto/i-series Comparison_220620_최종.png]
[www.medit.com/dental-clinic-i500.html]
[static.wixstatic.com/media/2780be_4b24f91c6fb54284ba5583d3025ccaf3_mv2.png/v1/fill/w_1235,h_701,al_c,q_90,usm_0.66_1.00_0.01,enc_auto/2780be_4b24f91c6fb54284ba5583d3025ccaf3_mv2.png]
[static.wixstatic.com/media/2780be_267d6ecb139f4a9180d98683b296e9ee_mv2.png/v1/fill/w_98,h_50,al_c,q_85,usm_0.66_1.00_0.01,enc_auto/2780be_267d6ecb139f4a9180d98683b296e9ee_mv2.png]
[static.wixstatic.com/media/f2b27a_b1ad1b7665f7403daf54087d1b5e99bf_mv2.png/v1/fill/w_75,h_41,al_c,q_85,usm_0.66_1.00_0.01,enc_auto/image71.png]
[static.wixstatic.com/media/f2b27a_5e1c82d221d5408dbd51d014386b0214_mv2.png/v1/fill/w_55,h_41,al_c,q_85,usm_0.66_1.00_0.01,enc_auto/image73.png]
[static.wixstatic.com/media/2780be_3f5ac59255cc46e481eec7fb91885bb5_mv2.png/v1/crop/x_0,y_0,w_3000,h_2757/fill/w_70,h_64,al_c,q_85,usm_0.66_1.00_0.01,blur_2,enc_auto/2780be_3f5ac59255cc46e481eec7fb91885bb5_mv2.png]
[static.wixstatic.com/media/2780be_0ce8ef8de48e4602bc6ccf6b19653a09_mv2.png/v1/fill/w_115,h_115,al_c,q_85,usm_0.66_1.00_0.01,blur_3,enc_auto/Superfast scanning@4x.png]
[static.wixstatic.com/media/2780be_3f8e76620a5b4a14b81bd27ac46ec092_mv2.png/v1/fill/w_115,h_115,al_c,q_85,usm_0.66_1.00_0.01,blur_3,enc_auto/High-resolution cameras@4x.png]
[static.wixstatic.com/media/2780be_4ae492d092d54c90aeef37bc20c7be5c_mv2.png/v1/fill/w_115,h_115,al_c,q_85,usm_0.66_1.00_0.01,blur_3,enc_auto/Auto-elevation@4x.png]
[static.wixstatic.com/media/2780be_1b1366ee8ba64b4ebe8609735913a3dd_mv2.png/v1/fill/w_115,h_115,al_c,q_85,usm_0.66_1.00_0.01,blur_3,enc_auto/High Accuracy@4x.png]
[static.wixstatic.com/media/2780be_b97532d16e2d45aa86fc8bdece164af6_mv2.png/v1/fill/w_115,h_115,al_c,q_85,usm_0.66_1.00_0.01,blur_3,enc_auto/Open system@4x.png]
[static.wixstatic.com/media/2780be_4e1545d9242e442d9651ee22ae948099_mv2.png/v1/fill/w_61,h_32,al_c,q_85,usm_0.66_1.00_0.01,blur_2,enc_auto/2780be_4e1545d9242e442d9651ee22ae948099_mv2.png]
[static.wixstatic.com/media/2780be_d52de209a9fc4eea989bfc068c744690_mv2.png/v1/fill/w_55,h_55,al_c,q_85,usm_0.66_1.00_0.01,blur_2,enc_auto/2780be_d52de209a9fc4eea989bfc068c744690_mv2.png]
[static.wixstatic.com/media/2780be_9e5ca68cc8294258a5801410a3d445b8_mv2.png/v1/crop/x_0,y_0,w_196,h_196/fill/w_55,h_55,al_c,q_85,usm_0.66_1.00_0.01,blur_2,enc_auto/2780be_9e5ca68cc8294258a5801410a3d445b8_mv2.png]
[static.wixstatic.com/media/2780be_dd93afb7947e435ead5f0b21cf7f93e8_mv2.png/v1/crop/x_0,y_0,w_195,h_195/fill/w_75,h_75,al_c,q_85,usm_0.66_1.00_0.01,blur_2,enc_auto/2780be_dd93afb7947e435ead5f0b21cf7f93e8_mv2.png]
[static.wixstatic.com/media/2780be_5a7efb6dd6924e61afb9bce3961bb535_mv2.png/v1/fill/w_105,h_88,al_c,q_85,usm_0.66_1.00_0.01,blur_2,enc_auto/2780be_5a7efb6dd6924e61afb9bce3961bb535_mv2.png]
[static.wixstatic.com/media/2780be_8379c1d4c7d9467c83ab6fb6eb989b90_mv2.png/v1/fill/w_72,h_59,al_c,q_85,usm_0.66_1.00_0.01,blur_2,enc_auto/2780be_8379c1d4c7d9467c83ab6fb6eb989b90_mv2.png]
[static.wixstatic.com/media/2780be_d6dd2cfa82f547789fbf959cadce6868_mv2.png/v1/fill/w_80,h_40,al_c,q_85,usm_0.66_1.00_0.01,blur_2,enc_auto/2780be_d6dd2cfa82f547789fbf959cadce6868_mv2.png]
[static.wixstatic.com/media/2780be_4ee43a0a829541afbfbdb39f3e411195_mv2.png/v1/fill/w_49,h_16,al_c,q_85,usm_0.66_1.00_0.01,blur_2,enc_auto/2780be_4ee43a0a829541afbfbdb39f3e411195_mv2.png]
[static.wixstatic.com/media/2780be_5c1be49482d44ab8b1c6c02302defadb_mv2.png/v1/fill/w_48,h_11,al_c,q_85,usm_0.66_1.00_0.01,blur_2,enc_auto/2780be_5c1be49482d44ab8b1c6c02302defadb_mv2.png]
[static.wixstatic.com/media/2780be_1aa5fc73fef3476293829ce4837dcdbd_mv2.png/v1/fill/w_72,h_54,al_c,q_85,usm_0.66_1.00_0.01,blur_2,enc_auto/2780be_1aa5fc73fef3476293829ce4837dcdbd_mv2.png]
[static.wixstatic.com/media/2780be_81cccde7c83e40ce9c7e22c439e3f486_mv2.png/v1/fill/w_60,h_29,al_c,q_85,usm_0.66_1.00_0.01,blur_2,enc_auto/2780be_81cccde7c83e40ce9c7e22c439e3f486_mv2.png]
[static.wixstatic.com/media/2780be_15331bcefc8b448cb4c609ac0eced46c_mv2.png/v1/fill/w_58,h_58,al_c,q_85,usm_0.66_1.00_0.01,blur_2,enc_auto/2780be_15331bcefc8b448cb4c609ac0eced46c_mv2.png]
[static.wixstatic.com/media/2780be_bc6582237e1e493fbf507644a7d84797_mv2.png/v1/crop/x_0,y_2,w_327,h_330/fill/w_51,h_51,al_c,q_85,usm_0.66_1.00_0.01,blur_2,enc_auto/2780be_bc6582237e1e493fbf507644a7d84797_mv2.png]
[static.wixstatic.com/media/2780be_c3c7cb349ce546ab9bcb65f8b74a170d_mv2.png/v1/crop/x_0,y_2,w_353,h_326/fill/w_55,h_51,al_c,q_85,usm_0.66_1.00_0.01,blur_2,enc_auto/2780be_c3c7cb349ce546ab9bcb65f8b74a170d_mv2.png]
[static.wixstatic.com/media/2780be_5c300c0535ef4c3bb845359815737d94_mv2.png/v1/crop/x_0,y_0,w_358,h_318/fill/w_55,h_49,al_c,q_85,usm_0.66_1.00_0.01,blur_2,enc_auto/2780be_5c300c0535ef4c3bb845359815737d94_mv2.png]
[static.wixstatic.com/media/2780be_eba688e433744553b77c9bcb98d5cb87_mv2.png/v1/fill/w_58,h_59,al_c,q_85,usm_0.66_1.00_0.01,blur_2,enc_auto/2780be_eba688e433744553b77c9bcb98d5cb87_mv2.png]
[static.wixstatic.com/media/2780be_fe6a8fabeaf549148eaec7b6d5f0b01a_mv2.png/v1/crop/x_0,y_5,w_373,h_354/fill/w_58,h_55,al_c,q_85,usm_0.66_1.00_0.01,blur_2,enc_auto/2780be_fe6a8fabeaf549148eaec7b6d5f0b01a_mv2.png]
[static.wixstatic.com/media/2780be_fda6436d05e64b24bc727a8f1c595704_mv2.png/v1/crop/x_0,y_0,w_326,h_340/fill/w_50,h_52,al_c,q_85,usm_0.66_1.00_0.01,blur_2,enc_auto/2780be_fda6436d05e64b24bc727a8f1c595704_mv2.png]
[static.wixstatic.com/media/2780be_903af2c6e17848fabb1b88e0209002ab_mv2.png/v1/crop/x_0,y_28,w_7000,h_2944/fill/w_54,h_23,al_c,q_85,usm_0.66_1.00_0.01,blur_2,e/Medit Link 2_6 l Medit Scan for Clinics n Scandata - Laptop3]
[static.wixstatic.com/media/2780be_e40fe42231004acda75d352d4ba48ff0_mv2.png/v1/fill/w_144,h_116,al_c,q_85,usm_0.66_1.00_0.01,blur_3,enc_auto/2780be_e40fe42231004acda75d352d4ba48ff0_mv2.png]
[static.wixstatic.com/media/2780be_7211be9642cb42728832bb6f79094997_mv2.png/v1/fill/w_145,h_116,al_c,q_85,usm_0.66_1.00_0.01,blur_3,enc_auto/2780be_7211be9642cb42728832bb6f79094997_mv2.png]
[static.wixstatic.com/media/2780be_9e1fdc89a8854d529925a2beaa46d6f0_mv2.png/v1/fill/w_145,h_116,al_c,q_85,usm_0.66_1.00_0.01,blur_3,enc_auto/2780be_9e1fdc89a8854d529925a2beaa46d6f0_mv2.png]
[static.wixstatic.com/media/2780be_b13b180b8d2a4dd8bc284264cdb0a79e_mv2.png/v1/fill/w_125,h_66,al_c,q_85,usm_0.66_1.00_0.01,blur_2,enc_auto/Advanced precise color texture@3x.png]
[static.wixstatic.com/media/2780be_a5f7cce35d49479c91be7035f7c5da09_mv2.png/v1/fill/w_125,h_66,al_c,q_85,usm_0.66_1.00_0.01,blur_2,enc_auto/Auto-alignment with base prep@3x.png]
[static.wixstatic.com/media/2780be_274a04577d0847b2aac838fc14a7a053_mv2.png/v1/fill/w_125,h_66,al_c,q_85,usm_0.66_1.00_0.01,blur_2,enc_auto/No downtime@3x.png]
[static.wixstatic.com/media/2780be_3cd2f7f466224c2eb2bbb50607d2b478_mv2.png/v1/fill/w_125,h_66,al_c,q_85,usm_0.66_1.00_0.01,blur_2,enc_auto/Customized scan sequence @3x.png]
[static.wixstatic.com/media/2780be_2e525a182eed401f83eaf94588dbda88_mv2.png/v1/fill/w_125,h_66,al_c,q_85,usm_0.66_1.00_0.01,blur_2,enc_auto/HD Mode for selected stages@3x.png]
[static.wixstatic.com/media/2780be_31c3c0ae695e430abbfd6ea7679b94d7_mv2.png/v1/fill/w_125,h_66,al_c,q_85,usm_0.66_1.00_0.01,blur_2,enc_auto/Replica denture@3x.png]
[static.wixstatic.com/media/2780be_261224fd76c0450daaa71bad75bcbf22_mv2.png/v1/fill/w_125,h_66,al_c,q_85,usm_0.66_1.00_0.01,blur_2,enc_auto/Parial denture@3x.png]
[static.wixstatic.com/media/2780be_5f13ed7232e24d88b24ecb1992208baa_mv2.png/v1/fill/w_125,h_66,al_c,q_85,usm_0.66_1.00_0.01,blur_2,enc_auto/Advanced scanbody alignment@3x.png]
[static.wixstatic.com/media/2780be_7cefe872c6d54faaa87fa4102995ee79_mv2.png/v1/fill/w_125,h_66,al_c,q_85,usm_0.66_1.00_0.01,blur_2,enc_auto/Bottom side of the wax-up@3x.png]
[static.wixstatic.com/media/2780be_daf59d9d279140ac90a6b4b7a37ed9a0_mv2.png/v1/fill/w_125,h_66,al_c,q_85,usm_0.66_1.00_0.01,blur_2,enc_auto/Interproximal area scan@3x.png]
[static.wixstatic.com/media/2780be_6fb27e8222ac424ea2803be1ad779cc3_mv2.png/v1/fill/w_125,h_66,al_c,q_85,usm_0.66_1.00_0.01,blur_2,enc_auto/Post and core@3x.png]
[static.wixstatic.com/media/2780be_27e49094437240349144d7ee9246896a_mv2.png/v1/fill/w_125,h_66,al_c,q_85,usm_0.66_1.00_0.01,blur_2,enc_auto/Alignment to virtual mounting plate@3x_p.png]
[static.wixstatic.com/media/2780be_8121b5fc5c8c480c8fbb9739531ba6c2_mv2.png/v1/fill/w_60,h_32,al_c,q_85,usm_0.66_1.00_0.01,blur_2,enc_auto/2780be_8121b5fc5c8c480c8fbb9739531ba6c2_mv2.png]
[static.wixstatic.com/media/2780be_66864b5fbf274445b99a828dc769eea1_mv2.png/v1/fill/w_90,h_64,al_c,q_85,usm_0.66_1.00_0.01,blur_2,enc_auto/2780be_66864b5fbf274445b99a828dc769eea1_mv2.png]
[static.wixstatic.com/media/a59fb8_eb34fd12af0b4e55b41aed97ccb38af6_mv2.png/v1/fill/w_109,h_67,al_c,q_85,usm_0.66_1.00_0.01,blur_2,enc_auto/Full+Arch+Tray.png]
[static.wixstatic.com/media/2780be_0cf3f100104749faa380a13406e84325_mv2.png/v1/fill/w_56,h_27,al_c,q_85,usm_0.66_1.00_0.01,blur_2,enc_auto/2780be_0cf3f100104749faa380a13406e84325_mv2.png]
[static.wixstatic.com/media/a59fb8_882516acf6324395b4160d68170e16cb_mv2.png/v1/fill/w_60,h_27,al_c,q_85,usm_0.66_1.00_0.01,blur_2,enc_auto/Implant case scanning.png]
[static.wixstatic.com/media/2780be_a12f9308df1c430289b258bdf1f18ef4_mv2.png/v1/crop/x_0,y_0,w_1714,h_857/fill/w_83,h_41,al_c,q_85,usm_0.66_1.00_0.01,blur_2,enc_auto/2780be_a12f9308df1c430289b258bdf1f18ef4_mv2.png]
[www.medit.com/dental-lab.html]
[static.wixstatic.com/media/a59fb8_78db7ef2100845d5a238b48f2e04f2cc_mv2_d_5/v1/fill/w_41,h_28,al_c,q_85,usm_0.66_1.00_0.01,blur_2,e/a59fb8_78db7ef2100845d5a238b48f2e04f2cc_mv2_d_5597_3731_s_4_2.png]
[static.wixstatic.com/media/a59fb8_ade8665c671f43dd8045ba67776c588e_mv2_d_1/v1/crop/x_0,y_216,w_1681,h_1894/fill/w_202,h_224,al_c,q_85,usm_0.66_1.00_0.01,enc_au/a59fb8_ade8665c671f43dd8045ba67776c588e_mv2_d_1681_2110_s_2]
[static.wixstatic.com/media/a59fb8_9215f42aa8044e12a9b9e6e5a4018268_mv2_d_2/v1/crop/x_0,y_215,w_2835,h_3957/fill/w_185,h_258,al_c,q_85,usm_0.66_1.00_0.01,blur_3/a59fb8_9215f42aa8044e12a9b9e6e5a4018268_mv2_d_2835_4172_s_4]
[static.wixstatic.com/media/a59fb8_a05a565c185a4461916d604f44536388_mv2.png/v1/fill/w_49,h_13,al_c,q_85,usm_0.66_1.00_0.01,blur_2,enc_auto/a59fb8_a05a565c185a4461916d604f44536388_mv2.png]
[www.medit.com/previous-t-series.html]
[static.wixstatic.com/media/2780be_7585bf374d534942ab8157b3c7bd772df000.jpg/v1/fill/w_160,h_90,al_c,q_80,usm_0.66_1.00_0.01,blur_2,enc_auto/2780be_7585bf374d534942ab8157b3c7bd772df000.jpg]
[static.wixstatic.com/media/f2b27a_bba1e52eea174bc7bc85666433da80ad_mv2.png/v1/fill/w_31,h_28,al_c,q_85,usm_0.66_1.00_0.01,enc_auto/windows_Black.png]
[static.wixstatic.com/media/f2b27a_5c9d2c299b44460cba798af122912d4f_mv2.png/v1/fill/w_35,h_31,al_c,q_85,usm_0.66_1.00_0.01,enc_auto/macos_Black.png]
[static.wixstatic.com/media/2780be_f28719d9b9104e36a7f1694126fcb288_mv2.png/v1/crop/x_189,y_173,w_3723,h_2264/fill/w_59,h_36,al_c,q_85,usm_0.66_1.00_0.01,blur_2,enc_auto/MeditLink_Membership.png]
[static.wixstatic.com/media/a59fb8_8d2f614b0a10466b951937ed80d0322f_mv2.png/v1/crop/x_29,y_0,w_3591,h_2189/fill/w_59,h_36,al_c,q_85,usm_0.66_1.00_0.01,blur_2,enc_auto/Laptop_Webviewer_Live@2x.png]
[static.wixstatic.com/media/a59fb8_4c4f1129964241df841933d05e16fcb9_mv2.png/v1/crop/x_29,y_0,w_3591,h_2189/fill/w_59,h_36,al_c,q_85,usm_0.66_1.00_0.01,blur_2,enc_auto/Laptop_App_Dashboard@2x.png]
[static.wixstatic.com/media/a59fb8_b2b976a604774949903d8ec47be91687_mv2.png/v1/crop/x_29,y_0,w_3591,h_2189/fill/w_59,h_36,al_c,q_85,usm_0.66_1.00_0.01,blur_2,enc_auto/Laptop_CaseBox_detail_Tool_Share@2x.png]
[static.wixstatic.com/media/a59fb8_f90156f8fa98470eb8d3642f34dfad9d_mv2.png/v1/crop/x_29,y_0,w_3591,h_2189/fill/w_59,h_36,al_c,q_85,usm_0.66_1.00_0.01,blur_2,enc_auto/Laptop_OrderBox_Main@2x.png]
[static.wixstatic.com/media/a59fb8_f1535d10b6f347b4a8f35e71b77b6c39_mv2.png/v1/crop/x_29,y_0,w_3591,h_2189/fill/w_59,h_36,al_c,q_85,usm_0.66_1.00_0.01,blur_2,enc_auto/Laptop_CaseBox_detail_CTA_Order@2x.png]
[static.wixstatic.com/media/f2b27a_33b955dca29e40b38ed0bac0f9eae4ec_mv2.png/v1/fill/w_123,h_100,al_c,q_85,usm_0.66_1.00_0.01,blur_2,enc_auto/Medit Scan for Clinics I Smart Scan Guide_ 22_10_25.png]
[static.wixstatic.com/media/2780be_e50769d6e4d047958ff69d562ed28a32_mv2.png/v1/crop/x_0,y_130,w_1500,h_785/fill/w_49,h_26,al_c,q_85,usm_0.66_1.00_0.01,blur_2,e/Medit Link 2_6 l Medit Scan for Clinics n i700 wireless_2022]
[static.wixstatic.com/media/f2b27a_d31f0271113d4dcb8b44c0a54efe2758_mv2.png/v1/fill/w_123,h_100,al_c,q_85,usm_0.66_1.00_0.01,blur_2,enc_auto/Medit Scan for Clinics I Smart Scan Filtering_ 22_10_25.png]
[static.wixstatic.com/media/f2b27a_a712f17d04d64fd1b49abd53b016d600_mv2.png/v1/fill/w_123,h_100,al_c,q_85,usm_0.66_1.00_0.01,blur_2,enc_auto/Medit Scan for Clinics I Smart Color Filtering_ 22_10_25.png]
[static.wixstatic.com/media/f2b27a_8dcfa10ae5b340ac940fa88f34e59332_mv2.png/v1/fill/w_125,h_102,al_c,q_85,usm_0.66_1.00_0.01,blur_2,enc_auto/Medit Scan for Clinics I Smart Stitching_ 22_10_25.png]
[static.wixstatic.com/media/f2b27a_a44196e87d104bcfb8351a07ba83d6ae_mv2.png/v1/fill/w_123,h_100,al_c,q_85,usm_0.66_1.00_0.01,blur_2,enc_auto/Medit Scan for Clinics I Smart Shade Guide_ 22_10_25.png]
[static.wixstatic.com/media/f2b27a_d73628b604ca4a0ca7863312d8b8c56d_mv2.png/v1/fill/w_124,h_101,al_c,q_85,usm_0.66_1.00_0.01,blur_2,enc_auto/Medit Scan for Clinics I A_I_ Scan Body Matching_ 22_10_25.png]
[static.wixstatic.com/media/f2b27a_7cccd4e97ecf4ff2a2040b1386781ca0_mv2.png/v1/fill/w_124,h_101,al_c,q_85,usm_0.66_1.00_0.01,blur_2,enc_auto/Medit Scan for Clinics I A_I_ Abutment Matching_ 22_10_25.png]
[static.wixstatic.com/media/f2b27a_c38f201c86af486a9bb0c5da87abc547_mv2.png/v1/fill/w_124,h_101,al_c,q_85,usm_0.66_1.00_0.01,blur_2,enc_auto/Medit Scan for Clinics I HD Mode_ 22_10_25.png]
[static.wixstatic.com/media/f2b27a_f5e615e42bd641948c46404616ae1e23f000.jpg/v1/fill/w_123,h_69,al_c,q_80,usm_0.66_1.00_0.01,blur_2,enc_auto/f2b27a_f5e615e42bd641948c46404616ae1e23f000.jpg]
[static.wixstatic.com/media/2780be_a12f9308df1c430289b258bdf1f18ef4_mv2.png/v1/crop/x_43,y_0,w_1637,h_857/fill/w_49,h_26,al_c,q_85,usm_0.66_1.00_0.01,blur_2,e/Medit Link 2_6 l Medit Scan for Labs n ScanData - Laptop3 - T]
[static.wixstatic.com/media/2780be_6e5938eba18a4594b71e145e8d66c27e_mv2.png/v1/crop/x_111,y_505,w_1831,h_1323/fill/w_56,h_40,al_c,q_85,usm_0.66_1.00_0.01,blur_2,enc_auto/Medit Link 2_3 Release_자동정렬.png]
[static.wixstatic.com/media/f2b27a_1ad1847c303446978735b66a988fc6f2_mv2.png/v1/crop/x_6,y_0,w_1435,h_1043/fill/w_56,h_41,al_c,q_85,usm_0.66_1.00_0.01,blur_2,enc_auto/Register Scan path I 22_12_02_1_5x.png]
[static.wixstatic.com/media/f2b27a_055c9bdbab0f49ecb9d10f8297fba674_mv2.png/v1/crop/x_1,y_0,w_1446,h_1043/fill/w_56,h_40,al_c,q_85,usm_0.66_1.00_0.01,blur_2,enc_auto/Export 3D data I 22_12_02_1_5x.png]
[static.wixstatic.com/media/2780be_647e5513460f4ae9a682cc6f42040a74f000.jpg/v1/fill/w_124,h_70,al_c,q_80,usm_0.66_1.00_0.01,blur_2,enc_auto/2780be_647e5513460f4ae9a682cc6f42040a74f000.jpg]
[static.wixstatic.com/media/a59fb8_c311b7cba6594fa2a0a84b1c327b5cc2_mv2.png/v1/fill/w_125,h_102,al_c,q_85,usm_0.66_1.00_0.01,blur_2,enc_auto/a59fb8_c311b7cba6594fa2a0a84b1c327b5cc2_mv2.png]
[static.wixstatic.com/media/a59fb8_be030a3b4faa40ab879af4c50b25e75e_mv2.png/v1/fill/w_125,h_102,al_c,q_85,usm_0.66_1.00_0.01,blur_2,enc_auto/a59fb8_be030a3b4faa40ab879af4c50b25e75e_mv2.png]
[static.wixstatic.com/media/2780be_9a894a0ee4b5465fb678ba701a575173_mv2.png/v1/fill/w_49,h_14,al_c,q_85,usm_0.66_1.00_0.01,blur_2,enc_auto/2780be_9a894a0ee4b5465fb678ba701a575173_mv2.png]
[static.wixstatic.com/media/2780be_6f321d5f0feb42888099940e50371fe0_mv2.jpg/v1/fill/w_134,h_89,al_c,q_80,usm_0.66_1.00_0.01,blur_2,enc_auto/2780be_6f321d5f0feb42888099940e50371fe0_mv2.jpg]
[static.wixstatic.com/media/2780be_53153fc01a6044158fe3da32898fe5bc_mv2.png/v1/fill/w_100,h_73,al_c,q_85,usm_0.66_1.00_0.01,blur_2,enc_auto/2780be_53153fc01a6044158fe3da32898fe5bc_mv2.png]
[static.wixstatic.com/media/2780be_d333ca92445b46638abb3dbaa0a2656d_mv2.png/v1/fill/w_100,h_73,al_c,q_85,usm_0.66_1.00_0.01,blur_2,enc_auto/2780be_d333ca92445b46638abb3dbaa0a2656d_mv2.png]
[www.medit.com/medit-link.html]
[static.wixstatic.com/media/f2b27a_b8139d26a7204f0d8940e76d778a98fff000.jpg/v1/fill/w_182,h_102,al_c,q_80,usm_0.66_1.00_0.01,blur_2,enc_auto/f2b27a_b8139d26a7204f0d8940e76d778a98fff000.jpg]
[static.wixstatic.com/media/2780be_4f77e20033b84296b2770aff370cc5bf_mv2.png/v1/crop/x_0,y_0,w_1633,h_1167/fill/w_54,h_39,al_c,q_85,usm_0.66_1.00_0.01,blur_2,enc_auto/Medit Apps_Smile Design v1_2.png]
[static.wixstatic.com/media/2780be_662b7ed43ac94e199afac767b5bc4576_mv2.png/v1/fill/w_100,h_100,al_c,q_85,usm_0.66_1.00_0.01,blur_3,enc_auto/2780be_662b7ed43ac94e199afac767b5bc4576_mv2.png]
[static.wixstatic.com/media/2780be_ec21aeee473d4187bbd65dc57aa9eef5_mv2.png/v1/fill/w_50,h_21,al_c,q_85,usm_0.66_1.00_0.01,blur_2,enc_auto/2780be_ec21aeee473d4187bbd65dc57aa9eef5_mv2.png]
[static.wixstatic.com/media/2780be_9112aa34191f48acb3c56ea042221dd3_mv2.png/v1/fill/w_100,h_100,al_c,q_85,usm_0.66_1.00_0.01,blur_3,enc_auto/Crown Fit.png]
[static.wixstatic.com/media/f2b27a_dc42a30ab6fe499dab932ae5bc60c87e_mv2.png/v1/crop/x_0,y_0,w_1633,h_1142/fill/w_53,h_37,al_c,q_85,usm_0.66_1.00_0.01,blur_2,enc_auto/Medit Splints+Monitor_220706 I Front view_.png]
[static.wixstatic.com/media/f2b27a_f6f1d42f0714415580cb2266d4fb7a73_mv2.png/v1/fill/w_68,h_68,al_c,q_85,usm_0.66_1.00_0.01,blur_3,enc_auto/Splints favicon.png]
[static.wixstatic.com/media/f2b27a_4b2b1a10f700405b84c179e177b20037_mv2.png/v1/fill/w_49,h_30,al_c,q_85,usm_0.66_1.00_0.01,blur_2,enc_auto/로고 파트너스 _2022_07_29.png]
[static.wixstatic.com/media/f2b27a_1038bfcefdab4fa283aa6cea56527918_mv2.png/v1/fill/w_25,h_25,al_c,q_85,usm_0.66_1.00_0.01,blur_3,enc_auto/integration 연동 icon.png]
[static.wixstatic.com/media/f2b27a_f8080268f8724aa6a67e1241262de4f1_mv2.png/v1/fill/w_35,h_35,al_c,q_85,usm_0.66_1.00_0.01,blur_3,enc_auto/App box.png]
[static.wixstatic.com/media/f2b27a_22aadcf966b8415a8940ef5989e1c039_mv2.png/v1/fill/w_25,h_25,al_c,q_85,usm_0.66_1.00_0.01,blur_3,enc_auto/coming soon.png]
[static.wixstatic.com/media/2780be_3780b7789a704a2495cf241b13d5b49d_mv2.png/v1/crop/x_13,y_0,w_2022,h_1393/fill/w_64,h_44,al_c,q_85,usm_0.66_1.00_0.01,blur_2,enc_auto/MeditLinkApps_screenshot_DCM converter.png]
[static.wixstatic.com/media/2780be_5e71e15122e347d598e87be99c83996f_mv2.png/v1/fill/w_100,h_100,al_c,q_85,usm_0.66_1.00_0.01,blur_3,enc_auto/DCM Converter.png]
[static.wixstatic.com/media/f2b27a_be6a4a5ffa9f4cb98fb7de546dba1eeb_mv2.png/v1/fill/w_60,h_33,al_c,q_85,usm_0.66_1.00_0.01,blur_2,enc_auto/2608 App Box I 220915.png]
[www.medit.com/medit-link-apps.html]
[static.wixstatic.com/media/a59fb8_30c5076453da4ba88204421a818fd602_mv2.png/v1/fill/w_28,h_21,al_c,q_85,usm_0.66_1.00_0.01,blur_2,enc_auto/a59fb8_30c5076453da4ba88204421a818fd602_mv2.png]
[static.wixstatic.com/media/2780be_0a9b5d9182d2436e9db441ba54821cd8_mv2.png/v1/fill/w_150,h_151,al_c,q_85,usm_0.66_1.00_0.01,enc_auto/2780be_0a9b5d9182d2436e9db441ba54821cd8_mv2.png]
[static.wixstatic.com/media/2780be_82dd32ffefb542dc9364860d5059d87a_mv2.png/v1/fill/w_150,h_151,al_c,q_85,usm_0.66_1.00_0.01,enc_auto/2780be_82dd32ffefb542dc9364860d5059d87a_mv2.png]
[static.wixstatic.com/media/2780be_d1ba83be5bcf4a05850517d0c8eb920d_mv2.png/v1/fill/w_150,h_150,al_c,q_85,usm_0.66_1.00_0.01,enc_auto/2780be_d1ba83be5bcf4a05850517d0c8eb920d_mv2.png]
[static.wixstatic.com/media/f2b27a_15789e773cb84d87905d739926c99c5e_mv2.png/v1/fill/w_72,h_27,al_c,q_85,usm_0.66_1.00_0.01,blur_2,enc_auto/Medit-History-&-Milestones-2022.png]
[static.wixstatic.com/media/a59fb8_897a457851644ef1a41f6aed50f44866_mv2.jpg/v1/fill/w_147,h_33,al_c,q_80,usm_0.66_1.00_0.01,blur_2,enc_auto/a59fb8_897a457851644ef1a41f6aed50f44866_mv2.jpg]
[static.wixstatic.com/media/2780be_03a3b586a9004d0c98ffee49380845bf_mv2.jpg/v1/fill/w_87,h_116,al_c,q_80,usm_0.66_1.00_0.01,blur_2,enc_auto/2780be_03a3b586a9004d0c98ffee49380845bf_mv2.jpg]
[static.wixstatic.com/media/2780be_724d8483333040f7bd157bb0a13306ea_mv2.jpg/v1/fill/w_88,h_47,al_c,q_80,usm_0.66_1.00_0.01,blur_2,enc_auto/2780be_724d8483333040f7bd157bb0a13306ea_mv2.jpg]
[static.wixstatic.com/media/a59fb8_e3bc906e5c4e400abaaa5caad9318a72_mv2.png/v1/fill/w_88,h_59,al_c,q_85,usm_0.66_1.00_0.01,blur_2,enc_auto/a59fb8_e3bc906e5c4e400abaaa5caad9318a72_mv2.png]
[static.wixstatic.com/media/a59fb8_c0e32f89e41449b187f36958c4f2c24a_mv2.png/v1/fill/w_63,h_21,al_c,q_85,usm_0.66_1.00_0.01,blur_2,enc_auto/a59fb8_c0e32f89e41449b187f36958c4f2c24a_mv2.png]
[static.wixstatic.com/media/a59fb8_71248fa3dae5408cb5a24503fcf16099_mv2_d_4/v1/fill/w_147,h_98,al_c,q_80,usm_0.66_1.00_0.01,blur_2,/a59fb8_71248fa3dae5408cb5a24503fcf16099_mv2_d_4000_2669_s_4_2.jpg]
[www.medit.com/about-us.html]
[static.wixstatic.com/media/a59fb8_c463e77c0d2e4ad2b6da78698ca4bf84_mv2_d_6/v1/fill/w_44,h_19,al_c,q_85,usm_0.66_1.00_0.01,blur_2,e/a59fb8_c463e77c0d2e4ad2b6da78698ca4bf84_mv2_d_6000_2616_s_4_2.png]
[www.medit.com/career.html]
[www.medit.com/press.16a.delayed]
[static.wixstatic.com/media/a59fb8_24529e21e3bb42b698fc1a64eb57a05bf000.jpg/v1/fill/w_113,h_64,al_c,q_80,usm_0.66_1.00_0.01,blur_2,enc_auto/a59fb8_24529e21e3bb42b698fc1a64eb57a05bf000.jpg]
[www.medit.com/press-corner.html]
[static.wixstatic.com/media/a59fb8_521114e040a64d879e10f8daaf31fd3a_mv2_d_3/v1/fill/w_288,h_192,al_c,q_80,usm_0.66_1.00_0.01,blur_2/a59fb8_521114e040a64d879e10f8daaf31fd3a_mv2_d_3682_2455_s_4_2.jpg]
[www.medit.com/contact-us.html]
[static.wixstatic.com/media/f2b27a_7904071b6fb74207b275d92bb5b08447_mv2.png/v1/fill/w_76,h_310,al_c,q_85,usm_0.66_1.00_0.01,enc_auto/f2b27a_7904071b6fb74207b275d92bb5b08447_mv2.png]
[static.wixstatic.com/media/f2b27a_5ce7cf3d464f4de98f4ac43d83e9a4ef_mv2.png/v1/fill/w_76,h_310,al_c,q_85,usm_0.66_1.00_0.01,enc_auto/i500_side_230x400_22_10_13.png]
[static.wixstatic.com/media/f2b27a_180375dcbb2c48ac9b1a2ebc4f2cc756_mv2.png/v1/fill/w_76,h_310,al_c,q_85,usm_0.66_1.00_0.01,enc_auto/i700_straight_22_10_13.png]
[static.wixstatic.com/media/2780be_5e39cfa54deb4e84a873c9c9ddf869c0_mv2.png/v1/fill/w_278,h_167,al_c,q_85,usm_0.66_1.00_0.01,enc_auto/2780be_5e39cfa54deb4e84a873c9c9ddf869c0_mv2.png]
[static.wixstatic.com/media/f2b27a_91c360c9750a4355b0b37338e141e07b_mv2.png/v1/fill/w_76,h_310,al_c,q_85,usm_0.66_1.00_0.01,enc_auto/i600_straight_22_10_13.png]
[www.medit.com/download.html]
[www.medit.com/privacy-policy-20200325.html]
[www.medit.com/privacy-policy.html]
[www.medit.com/privacy-policy-20180101.html]
[www.medit.com/de/decodeURIComponent(e.174.delayed]
[www.medit.com/de/robots.175.delayed]
[www.medit.com/de/sitemap.xml]
[www.medit.com/de/feed.177.delayed]
[www.medit.com/de/dental-clinic-i700wireless.html]
[www.medit.com/de/dental-clinic-i700.html]
[www.medit.com/de/dental-clinic-i600.html]
[www.medit.com/de/dental-clinic-i500.html]
[www.medit.com/de/dental-lab.html]
[www.medit.com/de/previous-t-series.html]
[www.medit.com/de/medit-link.html]
[www.medit.com/de/medit-link-apps.html]
[www.medit.com/de/about-us.html]
[www.medit.com/de/career.html]
[www.medit.com/de/press-corner.html]
[www.medit.com/de/download.html]
[www.medit.com/de/index.html]
[www.medit.com/de/privacy-policy-20200325.html]
[www.medit.com/de/privacy-policy-20180101.html]
[www.medit.com/es/decodeURIComponent(e.179.delayed]
[www.medit.com/es/robots.17a.delayed]
[www.medit.com/es/sitemap.xml]
[www.medit.com/es/feed.17c.delayed]
[www.medit.com/es/dental-clinic-i700wireless.html]
[www.medit.com/es/dental-clinic-i700.html]
[www.medit.com/es/dental-clinic-i600.html]
[www.medit.com/es/dental-clinic-i500.html]
[www.medit.com/es/dental-lab.html]
[www.medit.com/es/previous-t-series.html]
[www.medit.com/es/medit-link.html]
[www.medit.com/es/medit-link-apps.html]
[www.medit.com/es/about-us.html]
[www.medit.com/es/career.html]
[www.medit.com/es/press-corner.html]
[www.medit.com/es/download.html]
[www.medit.com/es/index.html]
[www.medit.com/es/privacy-policy-20200325.html]
[www.medit.com/es/privacy-policy-20180101.html]
[www.medit.com/fr/decodeURIComponent(e.17e.delayed]
[www.medit.com/fr/robots.17f.delayed]
[www.medit.com/fr/sitemap.xml]
[www.medit.com/fr/feed.181.delayed]
[www.medit.com/fr/dental-clinic-i700wireless.html]
[www.medit.com/fr/dental-clinic-i700.html]
[www.medit.com/fr/dental-clinic-i600.html]
[www.medit.com/fr/dental-clinic-i500.html]
[www.medit.com/fr/dental-lab.html]
[www.medit.com/fr/previous-t-series.html]
[www.medit.com/fr/medit-link.html]
[www.medit.com/fr/medit-link-apps.html]
[www.medit.com/fr/about-us.html]
[www.medit.com/fr/career.html]
[www.medit.com/fr/press-corner.html]
[www.medit.com/fr/download.html]
[www.medit.com/fr/index.html]
[www.medit.com/fr/privacy-policy-20200325.html]
[www.medit.com/fr/privacy-policy-20180101.html]
[www.medit.com/it/decodeURIComponent(e.183.delayed]
[www.medit.com/it/robots.184.delayed]
[www.medit.com/it/sitemap.xml]
[www.medit.com/it/feed.186.delayed]
[www.medit.com/it/dental-clinic-i700wireless.html]
[www.medit.com/it/dental-clinic-i700.html]
[www.medit.com/it/dental-clinic-i600.html]
[www.medit.com/it/dental-clinic-i500.html]
[www.medit.com/it/dental-lab.html]
[www.medit.com/it/previous-t-series.html]
[www.medit.com/it/medit-link.html]
[www.medit.com/it/medit-link-apps.html]
[www.medit.com/it/about-us.html]
[www.medit.com/it/career.html]
[www.medit.com/it/press-corner.html]
[www.medit.com/it/contact-us.html]
[www.medit.com/it/download.html]
[www.medit.com/it/index.html]
[www.medit.com/it/privacy-policy-20200325.html]
[www.medit.com/it/privacy-policy-20180101.html]
[www.medit.com/ja/decodeURIComponent(e.188.delayed]
[www.medit.com/ja/robots.189.delayed]
[www.medit.com/ja/sitemap.xml]
[www.medit.com/ja/feed.18b.delayed]
[www.medit.com/ja/dental-clinic-i700wireless.html]
[www.medit.com/ja/dental-clinic-i700.html]
[www.medit.com/ja/dental-clinic-i600.html]
[www.medit.com/ja/dental-clinic-i500.html]
[www.medit.com/ja/dental-lab.html]
[www.medit.com/ja/previous-t-series.html]
[www.medit.com/ja/medit-link.html]
[www.medit.com/ja/medit-link-apps.html]
[www.medit.com/ja/about-us.html]
[www.medit.com/ja/career.html]
[www.medit.com/ja/press-corner.html]
[www.medit.com/ja/contact-us.html]
[www.medit.com/ja/download.html]
[www.medit.com/ja/index.html]
[www.medit.com/ja/privacy-policy-20200325.html]
[www.medit.com/ja/privacy-policy.html]
[www.medit.com/ja/privacy-policy-20180101.html]
[www.medit.com/ko/decodeURIComponent(e.18e.delayed]
[www.medit.com/ko/robots.18f.delayed]
[www.medit.com/ko/sitemap.xml]
[www.medit.com/ko/feed.191.delayed]
[www.medit.com/ko/dental-clinic-i700wireless.html]
[www.medit.com/ko/dental-clinic-i700.html]
[www.medit.com/ko/dental-clinic-i600.html]
[www.medit.com/ko/dental-clinic-i500.html]
[www.medit.com/ko/dental-lab.html]
[www.medit.com/ko/previous-t-series.html]
[www.medit.com/ko/medit-link.html]
[www.medit.com/ko/medit-link-apps.html]
[www.medit.com/ko/about-us.html]
[www.medit.com/ko/career.html]
[www.medit.com/ko/press-corner.html]
[www.medit.com/ko/contact-us.html]
[www.medit.com/ko/download.html]
[www.medit.com/ko/index.html]
[www.medit.com/ko/privacy-policy.html]
[www.medit.com/ko/privacy-policy-20180101.html]
[www.medit.com/ko/privacy-policy-20200325.html]
[www.medit.com/ru/decodeURIComponent(e.194.delayed]
[www.medit.com/ru/robots.195.delayed]
[www.medit.com/ru/sitemap.xml]
[www.medit.com/ru/feed.197.delayed]
[www.medit.com/ru/dental-clinic-i700wireless.html]
[www.medit.com/ru/dental-clinic-i700.html]
[www.medit.com/ru/dental-clinic-i600.html]
[www.medit.com/ru/dental-clinic-i500.html]
[www.medit.com/ru/dental-lab.html]
[www.medit.com/ru/previous-t-series.html]
[www.medit.com/ru/medit-link.html]
[www.medit.com/ru/medit-link-apps.html]
[www.medit.com/ru/about-us.html]
[www.medit.com/ru/career.html]
[www.medit.com/ru/press-corner.html]
[www.medit.com/ru/contact-us.html]
[www.medit.com/ru/download.html]
[www.medit.com/ru/index.html]
[www.medit.com/ru/privacy-policy-20200325.html]
[www.medit.com/press.html]
[www.medit.com/privacy-policy-20200325.html]
[www.medit.com/privacy-policy-20180101.html]
[www.medit.com/de/decodeURIComponent(e.html]
[www.medit.com/de/robots.html]
[www.medit.com/de/feed.html]
[www.medit.com/de/index.html]
[www.medit.com/de/privacy-policy-20180101.html]
[www.medit.com/es/decodeURIComponent(e.html]
[www.medit.com/es/robots.html]
[www.medit.com/es/feed.html]
[www.medit.com/es/index.html]
[www.medit.com/es/privacy-policy-20180101.html]
[www.medit.com/fr/decodeURIComponent(e.html]
[www.medit.com/fr/robots.html]
[www.medit.com/fr/feed.html]
[www.medit.com/fr/index.html]
[www.medit.com/fr/privacy-policy-20180101.html]
[www.medit.com/it/decodeURIComponent(e.html]
[www.medit.com/it/robots.html]
[www.medit.com/it/feed.html]
[www.medit.com/it/index.html]
[www.medit.com/it/privacy-policy-20180101.html]
[www.medit.com/ja/decodeURIComponent(e.html]
[www.medit.com/ja/robots.html]
[www.medit.com/ja/feed.html]
[www.medit.com/ja/index.html]
[www.medit.com/ja/privacy-policy-20200325.html]
[www.medit.com/ja/privacy-policy-20180101.html]
[www.medit.com/ko/decodeURIComponent(e.html]
[www.medit.com/ko/robots.html]
[www.medit.com/ko/feed.html]
[www.medit.com/ko/index.html]
[www.medit.com/ko/privacy-policy-20200325.html]
[www.medit.com/ko/privacy-policy-20180101.html]
[www.medit.com/ru/decodeURIComponent(e.html]
[www.medit.com/ru/robots.html]
[www.medit.com/ru/feed.html]
[www.medit.com/ru/index.html]
[www.medit.com/ru/privacy-policy-20180101.html]
[www.medit.com/ru/privacy-policy-20180101.html]
